
> karobar-sahulat-web-pos@0.1.0 build
> next build

Ôû▓ Next.js 16.1.1 (Turbopack)
- Environments: .env.local

npm : ÔÜá The "middleware" file convention is 
deprecated. Please use "proxy" instead. Learn 
more: https://nextjs.org/docs/messages/middleware-
to-proxy
At line:1 char:1
+ npm run build > build_output.txt 2>&1
+ ~~~~~~~~~~~~~~~~~~~~~~~~~~~~~~~~~~~~~
    + CategoryInfo          : NotSpecified: (ÔÜá  
   The "middle...leware-to-proxy:String) [], Rem  
  oteException
    + FullyQualifiedErrorId : NativeCommandError
 
  Creating an optimized production build ...
Ô£ô Compiled successfully in 42s
  Running TypeScript ...
Failed to compile.

./src/app/(auth)/register/page.tsx:175:25
Type error: Type '{ type: "password"; required: 
true; minlength: number; value: string; onChange: 
(e: ChangeEvent<HTMLInputElement>) => void; 
className: string; placeholder: string; }' is not 
assignable to type 'DetailedHTMLProps<InputHTMLAtt
ributes<HTMLInputElement>, HTMLInputElement>'.
  Property 'minlength' does not exist on type 'Det
ailedHTMLProps<InputHTMLAttributes<HTMLInputElemen
t>, HTMLInputElement>'. Did you mean 'minLength'?

[0m [90m 173 |[39m                         
type[33m=[39m[32m"password"[39m
 [90m 174 |[39m                         required
[31m[1m>[22m[39m[90m 175 |[39m              
           minlength[33m=[39m{[35m6[39m}
 [90m     |[39m                         
[31m[1m^[22m[39m
 [90m 176 |[39m                         
value[33m=[39m{password}
 [90m 177 |[39m                         
onChange[33m=[39m{(e) [33m=>[39m 
setPassword(e[33m.[39mtarget[33m.[39mvalue)}
 [90m 178 |[39m                         
className[33m=[39m[32m"w-full px-6 py-4 
bg-slate-50 border border-slate-100 rounded-2xl 
focus:bg-white focus:outline-none focus:ring-4 
focus:ring-indigo-600/5 focus:border-indigo-600 
transition-all text-slate-900 font-bold"[39m[0m
Next.js build worker exited with code: 1 and 
signal: null
